// Jest Snapshot v1, https://goo.gl/fbAQLP

exports[`zos-jobs command should display the help 1`] = `
"
 DESCRIPTION
 -----------

   Manage z/OS jobs.

 USAGE
 -----

   zowe zos-jobs <group>

   Where <group> is one of the following:

 GROUPS
 ------

   cancel | can  Cancel a job              
   delete | del  Delete a job              
   download | dl Download job output       
   list | ls     List jobs and spool files 
   submit | sub  Submit a z/OS job         
   view | vw     View details of a z/OS job

 GLOBAL OPTIONS
 --------------

   --response-format-json  | --rfj (boolean)

      Produce JSON formatted data from a command

   --help  | -h (boolean)

      Display help text

   --help-examples  (boolean)

      Display examples for all the commands in a the group

   --help-web  | --hw (boolean)

      Display HTML help in browser

{
  \\"success\\": true,
  \\"exitCode\\": 0,
  \\"message\\": \\"The help was constructed for command: zos-jobs.\\",
  \\"stdout\\": \\"\\\\n DESCRIPTION\\\\n -----------\\\\n\\\\n   Manage z/OS jobs.\\\\n\\\\n USAGE\\\\n -----\\\\n\\\\n   zowe zos-jobs <group>\\\\n\\\\n   Where <group> is one of the following:\\\\n\\\\n GROUPS\\\\n ------\\\\n\\\\n   cancel | can  Cancel a job              \\\\n   delete | del  Delete a job              \\\\n   download | dl Download job output       \\\\n   list | ls     List jobs and spool files \\\\n   submit | sub  Submit a z/OS job         \\\\n   view | vw     View details of a z/OS job\\\\n\\\\n GLOBAL OPTIONS\\\\n --------------\\\\n\\\\n   --response-format-json  | --rfj (boolean)\\\\n\\\\n      Produce JSON formatted data from a command\\\\n\\\\n   --help  | -h (boolean)\\\\n\\\\n      Display help text\\\\n\\\\n   --help-examples  (boolean)\\\\n\\\\n      Display examples for all the commands in a the group\\\\n\\\\n   --help-web  | --hw (boolean)\\\\n\\\\n      Display HTML help in browser\\\\n\\\\n\\",
  \\"stderr\\": \\"\\",
  \\"data\\": \\"\\\\n DESCRIPTION\\\\n -----------\\\\n\\\\n   Manage z/OS jobs.\\\\n\\\\n USAGE\\\\n -----\\\\n\\\\n   zowe zos-jobs <group>\\\\n\\\\n   Where <group> is one of the following:\\\\n\\\\n GROUPS\\\\n ------\\\\n\\\\n   cancel | can  Cancel a job              \\\\n   delete | del  Delete a job              \\\\n   download | dl Download job output       \\\\n   list | ls     List jobs and spool files \\\\n   submit | sub  Submit a z/OS job         \\\\n   view | vw     View details of a z/OS job\\\\n\\\\n GLOBAL OPTIONS\\\\n --------------\\\\n\\\\n   --response-format-json  | --rfj (boolean)\\\\n\\\\n      Produce JSON formatted data from a command\\\\n\\\\n   --help  | -h (boolean)\\\\n\\\\n      Display help text\\\\n\\\\n   --help-examples  (boolean)\\\\n\\\\n      Display examples for all the commands in a the group\\\\n\\\\n   --help-web  | --hw (boolean)\\\\n\\\\n      Display HTML help in browser\\\\n\\\\n\\"
}"
`;
