// Jest Snapshot v1, https://goo.gl/fbAQLP

exports[`ZosmfRestClient tests should append the csrf header to all requests 1`] = `
Array [
  Object {
    "X-CSRF-ZOSMF-HEADER": true,
  },
]
`;
